Radek
dodane
dodane
dodane
dośdane
dośdaćźne
